// Jest Snapshot v1, https://goo.gl/fbAQLP

exports[`<VideoPlayer /> should render 1`] = `
"preact-render-spy (1 nodes)
-------
<div>
  <div data-vjs-player={true}>
    <video
      class=\\"video-js\\"
      height=\\"480\\"
      id=\\"test-player\\"
      width=\\"640\\"
    >
    </video>
  </div>
</div>
"
`;
